97df97e4b798b29eb31ed7280287a92a
4d6ca4e629785c1f01baf55e2e548566b9617ae3a96868c337cb93b5e72b1c7b
43bae3738c9467e6
e58f9eb643862c13ad38e529313462a7f73e62834fe54a01
24d7f6b6bae4e5c00d2082c5ebab3672
21a8fd0f80d641ccba4b35345e700c4f
d1add8a3ecd040b2f6dc3a36b4ed2c590027eba0aab7fc2e045fa988e8da6549
